9n9fl7w7xoq@coolkitty.eu:9n9Fl7w7xoQ
contact@equipmag.fr:Tetedepioche13
382922@luoyue.club:luoyuecc
hanns-richard-mertznich@t-online.de:m1r2t3xy
sarah.sam.mueller@t-online.de:zaara111
bauer-karl-pfreimd@t-online.de:Fuods38ee
pflaum.uwe@t-online.de:titanic
lukas11@t-online.de:Engelchen1
benedikt.pinoil@t-online.de:Vova0908aass
paolo78@myway.de:Garoqi78
wachter770@t-online.de:vito115c
361021@luoyue.club:luoyuecc
sabine.fasil@t-online.de:samihakim33
nici72@t-online.de:nici72
andreas.hiltscher@t-online.de:else0815
288929@luoyue.club:luoyuecc
thorsten-hendriks@t-online.de:jupp1990
andreas-heer@t-online.de:Heer8459
paulchenz@t-online.de:Paulchenz1
jonass_meyer@t-online.de:abirock1
compras@mobiliarioresidencial.com:Mobiliario.22!
11244@ldsubmissions.com:Dental55!
angierdbeer1502@t-online.de:xPHBI8EI#4fL
ivonne-kulas@t-online.de:Fuods38ee
g.guerra@mgadvocacia.com.br:Gfmg0709
info@mirandalovestravelling.com:guancecarine
monsellato.silvana@t-online.de:sCKwZYspPOW5!
joecase1@optonline.net:Jpcc1407
b05902019@csie.ntu.edu.tw:stay176auto242st930083.
astosz@wtvk.pl:Paleta123
stenzelalfred@t-online.de:e-as-1233
georg-woska@t-online.de:yUQnoMIaSAYok
m.hintsche@freenet.de:Fregatte158
leon.reis@t-online.de:leon1010
m.treptow@t-online.de:VETVNdUxMMou5!
helpdesk.manager.test.1@solardropshipping.com:)}rM[2+e1!8`5>9)
u.hilker@osnanet.de:hilker
holgernovac@t-online.de:lunatina
uq195799@lydw.club:871864
heinecke_sascha@t-online.de:UWInRLZuWjq5!
lvju718786@yingguangbang.vip:112233
ernie54hh@t-online.de:aVzETuhECYfPzyA
htelmoudi@icaingenierie.com:azerty
abdul1994@t-online.de:km@S4IH!SEEa
contact@wikom.fr:fr20wk09
q1633406335@aliyun.com:Wwx990817
vijay.shankar@aimsahm.com:ramapuram123
silvio2008@t-online.de:U6hFy#S6XawH
patrick-stelter@t-online.de:massiv12
na_74m@tdrez.ru:9188509791
samtron@t-online.de:Samtron1
berndmatt@t-online.de:spvgg1920
sergio382@t-online.de:lidija381
mhornisch@t-online.de:mh11021981
huangjinxionghjx@aliyun.com:MTI09031
vegenic87@t-online.de:sasuke87
paulsumpterhpbb@dodo.com.au:Rockon1965
p.lendi@kaba-delivery.com:PaulinLendi2000$
natascharoos@t-online.de:natascha
Arminmelanie@t-online.de:Bonsai29
schuppan-m@t-online.de:Riesenrad
uta-koenig@t-online.de:pnLwGdbbdg5!
bichlerfa@t-online.de:UEbQjPLxqwRI5!
s.gefromm@t-online.de:01868569
bebon@uralweb.ru:065758
gfzujp@bcpstore.co.in:7x9cVLUekz5V
stefan.baumer@t-online.de:Stefan17
yajun@vip.sina.com:Ibm_leader
masonguitars@iprimus.com.au:benson1
seo@billiardwarehouse.com:tc&Qx1WSTQ9v
aura-grafik@t-online.de:IsG7Tli2Z,
suchanek-k@t-online.de:dursty1198
lvju67327@yingguangbang.vip:112233
edgar.zeller@t-online.de:jan-luca
dak222@rambler.ru:j936yPoV
csv2ofx@yet-another-world.jp:pdntspa1!
broedel-maritta@t-online.de:Babsi2011
r.carnott@t-online.de:pascal97
nlthhk@3181.gotoc.cc:rnwycn
c-a-baecher@t-online.de:Ezioau97
gnecchi_nicolas@sion.com:tulio127661123dq1
enricoundmarie@freenet.de:Marie1990
hlwang@skdlabs.com:SkdHW123
ineswintzer@t-online.de:wansleben274
xp8wc5@bma.biglobe.ne.jp:heamxng8
r.guedes2002@uol.com.br:Beto1965*
baseball.werl@t-online.de:werl2004
ulrike.felgenhauer@t-online.de:Hottemc2
elitecracker@t-online.de:55qwert5
chrism@montevideo.com.uy:aa1991
ingo.stuckenberger@t-online.de:Fuods38ee
schwab.marianne@t-online.de:Marianne74
nicolask1999@t-online.de:nwTCTJiKgOHfdt
ii0116403@52you.in:YC453318
richard.michaelis@t-online.de:LIzqiZBKWYC
carole.thomat@free.fr:keyaflo
rory@projectgroup.net:3ur0Dant3
koberg.roland@t-online.de:nIKibVYdfc5!
global-diamonds-office@t-online.de:siegheil12
janik.manfrahs@t-online.de:N1ije8#f#nll
307926@luoyue.club:luoyuecc
christian.weisenburger@t-online.de:kitty2008
onisiforosaek@cytanet.com.cy:onisiforosaek
jeffcpl@issbmy.com:jeffcpl@01123276861
52zls1552324@52you.vip:vann7706
bb5337212@52you.online:LO170425
colin@minotaur.com.au:Minotaur#264
rajkumarm@akademiilmujaya.com:Canyougiveme10
ftcp74xs@dtccmail.com:hmvm88pi
em118cagliari.asslcagliari@atssardegna.it:Tao12345678@
rei.ma@t-online.de:tinaturner02
bachmannguenther@t-online.de:schorsch
pa-junginger@t-online.de:Pegasus214
yokohoo@aliyun.com:lmn1994526
malian.borna@t-online.de:rqBpysozygCL5!
maria@lausitz.la:triglav8$!
hm.michelsen@t-online.de:123456abc
lachflashw@t-online.de:Rosendornen
sebastian.troeltzsch@t-online.de:dani1986
deuber.frank@t-online.de:JANUAR1408
hg7671@mail.tmwlsw.com:123123
selina2004@t-online.de:Fuods38ee
meirin27@jcom.zaq.ne.jp:my051601
karl-heinz-matthaei@t-online.de:HvDTNOlDHSRS5!
simon-maag@t-online.de:hubbel088
isa.schatz@t-online.de:qwert1234
serahofmann@t-online.de:b06e19f5
mnusch@t-online.de:Fuods38ee
battlefield2asl@t-online.de:freundex15
marita.kozub@t-online.de:13Elfenschnee
rozi@cellkabel.hu:imgo09
pschmi3@t-online.de:frosch13
tim-neu@t-online.de:u3AeqO!UHrJV
rolfspazal@t-online.de:Prothese
lenore_blakeley@dodo.com.au:benson
arafathossainemon455@gmail.com:rzixwgcuwxmswsqx
savvasgiasiranis@promo24.gr:Giasiranis@2021
paul.schulze@t-online.de:XxLvYihKUi5!
fvqbvi@fivem9988.cn:qwe123
schokomilx@t-online.de:tORNdlapxYCR5!
stefan.mandy@t-online.de:Stefan1983
franklin730399@kaarlojosefmail.com:SxX9OuVLRb
physiotherapieroth@t-online.de:aS@yAM7IsC9w
leni-nitzsche@t-online.de:madeleine2000
nadeem@mahamenterprises.com:Nadeem786
kingikongi@t-online.de:n1n1n1n1
direct@hyper.cx:ay3311
dennis.machlitt@t-online.de:YekhRoQoAispbC
si_mcgraffin@u2.com:sili201
juergenheise@t-online.de:qaGFlGavag
4ewtyycz@ccdwc.cn:123456
sory.tamoura@sng-i.com:sorySNGI2024?
kunle-michael@t-online.de:dyYkpsCNuLKL5!
emineM2012@t-online.de:pejaslu1
dr.urrutia@t-online.de:Praxis1707
pennymcgee@suddenlink.net:Welcome1
hiro.yomo.1002@i.softbank.jp:sg9d8110
sperhake.udo@t-online.de:einstein123
denise.tietz@t-online.de:L@iNLt4HzhF3
helena-pal10@t-online.de:gapostar5000
g.impulse_int@t-online.de:zielen126
maja.pelzer@t-online.de:puschel1
yvonne.goetsch@t-online.de:loverboy666
andboxsandbox1@public-inbox.org:Sandbox
ronnykoettler@t-online.de:archer2102
micHi.baumgartner@t-online.de:1234qwer
h.goergens@t-online.de:Moorenbrunn2020#
a.oueslati@uetunis.com:stages2018
peggy-roesch@t-online.de:Fluffy1978
pawel18_92@t-online.de:EysGDpQoCPC
boehmer-dagmar@t-online.de:Jo1achim
manu-kretschmer@t-online.de:olemaus1
hans.kloe2@t-online.de:GPtdkoYLOhBhX
adjoumessi@t-online.de:Tommy0304
railway-eng-ahmed@hamzaconsult.org:H@mz@654321
martinazekaj@t-online.de:21021978mz
goikonom@forthnet.gr:1n7J%f)J28
pc2kr7@bma.biglobe.ne.jp:yasu0320
max.cool@t-online.de:pokerface1
roger_haas@t-online.de:Tarkus_035
Rudolph.Lisa@t-online.de:marina1102
project@gee.mn:Gee2025@
diana.tuhcic3@t-online.de:ofXfWplHCUzpj
komu617@jcom.zaq.ne.jp:kom3kom3D
weamhamad_9@t-online.de:nxRMzAibYfKU5!
jonathanschaefer006@t-online.de:Pohlmann4
chyhahn@t-online.de:1980lich
reakinsc@suddenlink.net:Conley34
dietermetzdorf@t-online.de:Mambotiger1961!
hans.baer65@t-online.de:nHnonJpbtyhnGuw
yuichi33@jcom.zaq.ne.jp:321654ab
zeidler65@t-online.de:sascha091295
lerilu1957@uol.com.br:leonardo1995
sir.machledt@t-online.de:Fuods38ee
jahaaalo@t-online.de:aschbach1
mk.ebner@t-online.de:Vova0908aass
j4tw2dtyv@p1177.net:MhIeSCCtajFQbm.5
juttabuer@t-online.de:leuchtturm1
walter.groetzinger@t-online.de:Porsche911
seanphelps@dodo.com.au:Landon1964
lejkowic17@azet.sk:Brutus5304
c.bieniok@t-online.de:ABUJiFDdLuy5!
christina.hofmann.in@t-online.de:leben180766
jiahong@ltcgroupmy.com:jiahong@1234
salam@dpdc.org.bd:Salamdpdc1@
ayachan629@mx5.canvas.ne.jp:227a2494
lisa.pesch@t-online.de:Z0GS3GhgtRe!
marthe1-neumann@t-online.de:marthe1995
mapyoshi42195@jttk.zaq.ne.jp:dnc27294
ebrucatak@t-online.de:v3X5j!7c8Tkz
chaconrob@windstream.net:Victor8!
julisgoetsch@t-online.de:RHRcDlbxdnnLb
bbgruhn1@t-online.de:Brigitte1
norbert.homann@t-online.de:QuBzoZFNW
cramer-jan_niklas@t-online.de:q1w2e3r4t5
j-frueh@t-online.de:naomi2807
tt4191333@gmailtb.com:a123456
kristian.nerlich@t-online.de:OmAGbXrUQ
vivianewolf@t-online.de:zzQMIChTSIZp
tejqxtkn@qiuuu.cn:LO681462
fabian_martin18@t-online.de:fObWfQgPrP5!
abc2471329@52you.in:NW702412
kyra2013@t-online.de:Pascha999
rinrin505kawaii505@mineo.jp:Rink0303
lvju79782@yingguangbang.vip:112233
admin@cherylannmarble.com:bunnycas
zo4120405@gmailtb.com:a123456
nils.blaumer@t-online.de:blaumer191
kathrin.sommerburg@t-online.de:gorZYkrPxZ
houshyar@t-online.de:WYBIibmwH
vossybaer03@t-online.de:maximilian
achim_knauth@t-online.de:Sabrina84
manu3679@t-online.de:vX1@w9q1rTuq
sven-spille@t-online.de:sven5329#
scheller.alexandra@t-online.de:scheller12
ibmxhi@2976.gotoc.cc:quvqak
heribert_spitz@t-online.de:KrHXZpztxJYB
robinkotow@t-online.de:aRDqlfHDP
albviehhunt@t-online.de:rdNfDoRU
juri@gazeta.pl:Z49anE
marishka88@uralweb.ru:19891991
amministrazione@reggiosped.it:Contest88
iyyamauchi@hcn.zaq.ne.jp:iyarbut!
11173@ldsubmissions.com:Dental55!
lvju65344@yingguangbang.vip:112233
fischera-1@t-online.de:kYusvVyPzo5!
enrico-boehnisch@t-online.de:fightclub2011
cwimag@coilwinding.e7even.com:mrslupinq623
ludwig.wurm@t-online.de:Wurmli01
alexaNblazek@t-online.de:florian20
pewinski91@t-online.de:hcvpIOqsDMEWKM
anne.brix@t-online.de:abSonne13
zhoujing302@aliyun.com:hunan20061402
linda-bost@t-online.de:Vova0908aass
tomperol@t-online.de:Pusteblume
mandy_b85@t-online.de:bGlUcPbDV
cuenta5@fredica.org:Error#01
m.schlig@t-online.de:Martin321
fabio-hoevel@t-online.de:hallo123
stephanie.morsch@t-online.de:Johannes
grampp.oliver@t-online.de:sina261202
jonas.andreas@t-online.de:andreas68
uweKlingel@t-online.de:78uw62gg
cyber-info@topnet.tn:macmac26
adrian.edenhoffer@t-online.de:xszqRUpEMgd
baranja@t-online.de:galaxy2006
danIel.kahlert1@t-online.de:0202leon0202
k.lind@t-online.de:kasimir1
rvfmbwpk@raymanmail.com:kowcsrch6452
alvaro.boyny@t-online.de:Alvaro2001
ottob123@t-online.de:peugeot605
janis@vetorial.net:8144121
regina-kohler@t-online.de:Tatiana1
jusapa@t-online.de:Vova0908aass
gh.wohlrab@t-online.de:blacky123
heilpraxis-kiefer@t-online.de:Ag#8LzJ@1tIr
duanemorel2008@sfirstmail.com:tGAcqzFVVM
343819@luoyue.club:luoyuecc
gregorpatricia@t-online.de:Loagvhss
dennis.goeddel@t-online.de:KdYdFjmyCO5!
j.kasnel@t-online.de:jk102931
jean.dubos@me-and-eye.com:Jean3507
b.stannarius@t-online.de:bOEMndNAGZ5!
thomas.gesche@t-online.de:qwcCeJXRjxXh5!
gar.frowein@t-online.de:Drexhobel
sobolla@t-online.de:Kreis1
deni_schmidt@t-online.de:CDWKRAFkeIT5!
aaglhe@25266.gotos.cc:ufzmni
k-haeckert@t-online.de:lwmUGzZxAz
christian2.schulze@t-online.de:eXLiahMGgbj5!
borkott.rene@t-online.de:AtMsyRInsOzFLrn
johansmeier-ww@t-online.de:Siguero11
marianne.sutter@t-online.de:fabian18
martin-karl-fischer@t-online.de:MaestrFCB
2qm4v3y629o@gamerspace.online:a48eYkmFr!6b6G
synergy@atlasnet.net.ma:synfor
leilandown211309@hotmails.fun:s1aa3cxkenl0s
lasse.kleinjohann@t-online.de:EMBGcYRSSZvn5!
nele.hahn@t-online.de:nele2002
slessel@t-online.de:Vova0908aass
sc4195953@gmailtb.com:a123456
as335770@mingxuan8.com:123456
adam.eckardt@t-online.de:o2sRFZeo@Ak3
joachim.schreiter@t-online.de:1lebenmitvision
radoslaw.suchanski@t-online.de:ozTOcnpnyNr
lvju82238@yingguangbang.vip:112233
marcus.barisch@t-online.de:kVRm5EpTBP2!
ludwigkalwin@t-online.de:celina09
engelbrecht78@t-online.de:Stenich88#
zexal2@t-online.de:sRgnSOsJrLmtEM
lina.biesterfeldt@t-online.de:tjMGvNTa
ntuxydareye7y@5mready.org:v3rAc9aeUTy2N
kakomaruyamacho@jcom.zaq.ne.jp:1127kako
mbkFset3@p1177.net:Lb0ZNmfUpd.9
faltermeier_patrick@t-online.de:Handball17!
elfriede.salcher@t-online.de:Salcher123
hulyagozde.aydogan.1985@mailforgames.com:@MK7sFwfANhg9y8
victoria.schwarz@t-online.de:Sennenhund
j.gillitschka@speeding.at:100176
jandominik.youtube@t-online.de:jhEIIaDdyLha
edsoks@t-online.de:nobby1984
contact@autoservicechesnay.fr:Floriane28
vanessafranke@t-online.de:schalke04
info@arigato-jp.com:arigato1010#
felixSchatz95@t-online.de:batista89
roffell@t-online.de:13844163
laura.luetkenhoener@t-online.de:29Viepy03
f.will.96@t-online.de:1bionicle
f.ranglack@freenet.de:Sternchen15
zapvolt02@gazeta.pl:zX30H3IvCHQGCz3
contact@atelier-nyood.fr:Niemeyer24
iddishani1@gmail.com:tdkjvkbmhvofmvhe
pasi.pesio@tutka.net:pasi123
mirkolupke@t-online.de:ilvetro2311
hansjuergengeiger@t-online.de:Melanie1
gigl_nat@t-online.de:nat0160g
rodney.yeates@t-online.de:Rockall59
hofFman.zw@t-online.de:waage1997
gruene-moers@t-online.de:karlmay1
carmen-da-silva@t-online.de:666pagode
ralf.turner@t-online.de:caroline59
lothar-heger@t-online.de:Bettina1
moritz.quick@t-online.de:M4nnh3im07
wmxb2012@aliyun.com:120918Lc
david-rene-huber@t-online.de:Davinator1
daniel-wot@t-online.de:123kl074
c-schaller@t-online.de:schaller
lvju232415@yingguangbang.vip:112233
hummingmint@jcom.zaq.ne.jp:Mo0615mo
markus22.g@t-online.de:Spinner99
s-frischmuth@t-online.de:a1b2c3d4
qdnfvifqwr@rambler.ru:9982970gOJv8k
alurad-bayern@t-online.de:chiemgau49
andreas-kluge70@t-online.de:timo6666
dankesreiter.stephan@t-online.de:west2009
kevin_63@t-online.de:GTshAUbfNgX
jurat-henrik@t-online.de:qjQbgrsytTjc5!
walsh562182@zurikowimail.com:tZVLO4wzyz
eva.aveva@t-online.de:JpnJxcedvKwQm
campagne1074@jcom.zaq.ne.jp:pass2001
dxrpvu@4949.gotoc.cc:vsrafd
bi-aiello@t-online.de:kevin123
j.madlc@t-online.de:gFXNjAips
get@seiwadou.co.jp:Sayuri1919
maRius.henneke@t-online.de:Manu100192
nelson_neots@singnet.com.sg:Nel822109son
daniel8491@t-online.de:Master8491
matThias.schaeg@t-online.de:herz2002
geoff@webstorm.co.za:AKLjasd09j221231!@#
lelliguwe@t-online.de:andrea1310
uwegruell@t-online.de:elpAbnHMgViCZDj
probst.thomas@t-online.de:thomas05
e.lopinski@t-online.de:Regenbogen
madiha.awan@t-online.de:PxkTTgjmpOHfHP
sabine-diel@t-online.de:SabineDiel
cxxblv@28174.gotos.cc:fkedun
rentals@culverlodging.com:lurp69
mtsilk4413@dream.jp:ayaya0625
xobdnasxobdna100@public-inbox.org:sandbox
xcjwflo8@rokmail.online:Ertmail@123
tobi.p1999@t-online.de:BFbbTaSpW
ayanley219@t-online.de:xOpEtUywD
r-iwami@nifty.com:5D52F597
c-wenge@t-online.de:Schalke04!
konrat94@t-online.de:b696gk94r
contact@spadesclos.fr:Junior++15
andreas123455@t-online.de:1f18a206
petra-kleister@t-online.de:rehbock123
aaw4159077@aoligame.shop:OK462064
344979@luoyue.club:luoyuecc
wilson607064@mawartshanemail.com:KREvkxj9Bt*H
sch_julia@t-online.de:julia123
heinz-bueckmann@t-online.de:OSnLdTYCuj5!
ahoikamerad@t-online.de:fQeFSYLoUt5!
wadeturner666@dodo.com:d000666
karl-heinz.stecker@t-online.de:sulzbach
bl00d@t-online.de:Sonnenschein1
fmholz@t-online.de:MexECYfuFx
ku-schein@t-online.de:KFnsflwCozn5!
michelle94@freenet.de:pucci1967
bonnin.philippe@aliceadsl.fr:bp41cb
daiguixu@aliyun.com:nara107136
dana.ziebarth@t-online.de:zOEGWydi
fritzsche.ursula-klaus@t-online.de:CoTTBus!2012
elektro-nickisch@t-online.de:Fc@EtfSVf08u
rl020974@t-online.de:GxAocUUJDJfJJYK
mahmutyalin@t-online.de:mHxhCklabpNwXTK
pApAgei46@t-online.de:chanelle1
pimar@t-online.de:hTsKOUwbb
benjamin.fahnauer@t-online.de:OKIiRKuoQGOcAPK
koljanikolaevfs5308@rambler.ru:Davissusan880
info@tolga-acan.com:Allaha
katarina.k2@vip.hr:nogomet1
contact@derbomar.ma:Marketing2Sales#Contact
gerald-keller@t-online.de:Sprinter
fs5027903231@junaoyouxi.cc:972108
beck.saskia@t-online.de:kosinus13
armina.reichel@t-online.de:JjFuIiQmXh
iturjtsv@bfirstmail.com:gvxutrlp2651
maliahelms@t-online.de:Vova0908aass
wzu@honeypie.store:Auj1Y8chqe.1
equea7418@ys5738.cn:KV334332
bahri.sassi@topnet.tn:soleil
maikmemenga@t-online.de:EQcNVyzlezG
dippmann-tom@t-online.de:6ETW7f0L
standard2@datalpm.com:123456789
sven.tiefenthal@t-online.de:noprlSJiGL
michael.db-regio@t-online.de:Vv0a@8rPKwPu
svont75@t-online.de:tg#akOX7@EQs
sandra-wuerstl@t-online.de:rvLYIWgQvXOtXow
ajh8444795@52you.in:ZW272264
hilfekonto@t-online.de:Rosenstolz21!
Aj53Zi2@30kbatch.com:Jrd9ivklEZmdUP3.5
kamiya1199@p1.pionet.ne.jp:e7cb795g
krause.christof@t-online.de:jannis20032002
sommsyl@t-online.de:qlEtfbjfjHmXDs5!
maren.bronner@t-online.de:eZEjfQBBi
k.wuensch@t-online.de:colorxxl23
gruenberg_helmut@t-online.de:seXrvjJCKHCNd
beAstAmm@t-online.de:zT5mb29tHd
julie.stmartin@tulipes-cie.com:choubi13
meister46@t-online.de:JBsTUMekkcR5!
maria.ws@t-online.de:franziska
joerg.kulas@t-online.de:fLwUhyZuV
silke.gruber@onlinehome.de:bella65
bonito1st@t-online.de:wumpscut
dagmar.haussmann@t-online.de:UrAcWvynRH
steFannguyen@t-online.de:771966
fatima-elmyr@t-online.de:fatima1234
wagner-baustoffe@t-online.de:1flora-r8
biancaludwig@t-online.de:Hallo123
christian-schamborski@t-online.de:AyjxtifsibvY5!
h3y9mv@bma.biglobe.ne.jp:wdc7r6zw
michael.1969@t-online.de:Michael1969
f.kloepping@t-online.de:r2142#qILsJ@
fitwoman@freenet.de:lrysmzor
renate.gerlach@t-online.de:Renategerlach7
siegfried-deissler@t-online.de:190456sD
gevama@netvision.net.il:25100912AA.
eddielou@suddenlink.net:Welcome1
user39@justbeflex.biz:sam#12AZE
l.v.betteraey@freenet.de:grinsen
bianka.adena@t-online.de:rechtsupweg1
vatnajoekull@t-online.de:Vova0908aass
hamann60@t-online.de:hamann60
herve.frouin@e-nautic.com:L@m@to003
mayer-weltz@freenet.de:Mirko0301
volkmann.rainer@t-online.de:Bajazzots
Katrin-Rypczinski@t-online.de:Schwerin
tj1685@aj.is.dream.jp:ks1022
21115@luoyue.club:luoyuecc
coco2015@t-online.de:BjXbHrjxmmsARh
horst_rudolph@u2.com:leanderzeo
52kdk1482799@52you.vip:yrdx1461
ndboxsandbox2016@public-inbox.org:Sandbox
nolaw@t-online.de:l8QP38y@t6UR
max.wulf@t-online.de:Fuods38ee
snoopy@netvision.net.il:Y17O9azz*!
pe_wuest@t-online.de:19BRIPE38
hakeandreas123@t-online.de:xTiPBPQxvaRnllp
thomas.dabel@t-online.de:xlMSHrPlyveCEQ
wilma-knoll@t-online.de:Steinert50
e-riessle-c-wilhelm@t-online.de:katzenbaum29
schMaler-an@t-online.de:Leon090210
upload-227@t-online.de:hendrik11
laura@leucioleonardo.com.br:esc6777
walther.nadine1@t-online.de:sissi1996
fellexthecat@uralweb.ru:popajopa12
michaje@t-online.de:uNCs9jj9h1@9
jannik.stumpf@t-online.de:Fussball
k5k@wal-martconnect.com:stupid
asmefl@2938.gotoc.cc:qenlqz
wilfried.morawietz@t-online.de:Bahnarbeiter55
remi.lathuille@free.fr:remi91
m1h5g9m1269@tlxlz.com:padit9611
vkw0858@bigdick.baby:G1#VmlhES
mcfwzc8696@chyx898.fun:jkYLyIvSYwKj
mar@fagnotti.nl:Fagnotti01
olav.dillenberger@t-online.de:Christine1980
bmarce@montevideo.com.uy:marcelo1
dettmer.lena@t-online.de:RtPHKBPonNhw5!
sven_mueller_@t-online.de:Fuods38ee
caroline-dubovik@t-online.de:meinsmeins1
amanda@educacom.com.br:Amanda3103
radicke-florian1122@t-online.de:KYNTsKFQrKIYA
legin@dodo.com.au:davidw
jet313458020@aliyun.com:fwx19891128
danilo-kastner@t-online.de:arschloch1
hhahn-tangerhuette@t-online.de:plastteam10
neilboult@dodo.com.au:liverpool
e4rluzx@30kbatch.com:Vt1teeUda9Injt6.8
afzal1981@regiospecificmail.com:Z12345xc
stratost@t-online.de:Ohw8tp!dgagP
andrea.meister2@t-online.de:PlEkiuARBUeAE
edmundstadler@t-online.de:paul1811
mt.hannover@t-online.de:Zollverein511
nadine-roesner@t-online.de:Lynn1990
ulikaern@t-online.de:aPXQcLuiYG5!
dieter.feldt@t-online.de:Moppel2512
basti-roediger@t-online.de:basti0205
abdulmujib@t-online.de:bvb4ever1988
pesci2@t-online.de:jan311005
eaqw1ujv@mksm88.com:UM392253
yannik.szeliga@t-online.de:GnkWsRrMlN
acsDeutschland@t-online.de:Florian10
yoshi0816@jcom.zaq.ne.jp:mamayoi5
auge0234@t-online.de:Zylinder
afrim-loki@t-online.de:al260574
f.harnischmacher@t-online.de:pQmKjHOMuVoFHE
lvju216434@yingguangbang.vip:112233
rita.dellhofen@t-online.de:Flocki1948
horst.witopil@t-online.de:oD4ugI#OnWs3
keiko.k5470@jcom.zaq.ne.jp:keiko710k
erwin@sks-kassen.at:yediesther&0
ronny_foerster@t-online.de:ron1sab1
haduwao@kebunprima.com:Test12345
matthias.thurn@t-online.de:matthias1234
bjoernjaeschke@t-online.de:bratXVZZzN5!
asurges@t-online.de:lexus123
jssachse@t-online.de:lucy-may
ledion_9122@samovarmail.com:64mUVa3QgUBa
henrik.pilz@t-online.de:!@s4zmAFUMlh
lvju485374@yingguangbang.vip:112233
348997@luoyue.club:luoyuecc
txm1416@aliyun.com:tt19915201314
d-korcz@t-online.de:Maggie-0167
metzgerei-hottner@t-online.de:Hottner7
nessa.charlie@t-online.de:RIkENsfquIe5!
dxfgsf@t-online.de:xlNVBzXAuveAWk
whitney620081@clubpenivea.com:Sse4A0Gca6
348825@luoyue.club:luoyuecc
tspiegelberg@t-online.de:120658ts
r-burescH@t-online.de:R111096B
adrian.sieg@t-online.de:Sterne13
stephAn.wiethuechter@t-online.de:wetter247
dsnellings92@suddenlink.net:Welcome1
fschepel@t-online.de:HcfDaEsimY5!
christian@kraler.com:christiannndq321
pgxftkrk@firstmailler.net:tpducghc2682
duy-m@t-online.de:xENQuCaswg5!
b-bersch@t-online.de:hardy5880
io_extra821@public-inbox.org:Ioextra111aaa.
zell-roland@t-online.de:qzPHqaoWoIjE5!
c.langenmair@t-online.de:RNHCKDpYKck5!
blumberg-frank@t-online.de:isabelle1
j-gust@t-online.de:jan-jan1
fjx0208@aliyun.com:d790504
bianca.gerauer@t-online.de:Vova0908aass
uketll@t-online.de:immer2121zu
savellithierry@free.fr:Vendetta2020+
treffpunktnrw@t-online.de:Borussia1964
pefuhRmann1@t-online.de:Farfan17
kpxfmnjw@erviomail.com:cxvmwwxkX!7912
longo5619x@t-online.de:camelia1
hpk@parklanehospital.org:vU^3u88%6%.?0
prosperoluca@interfree.it:Michela1
zeilingi@t-online.de:schalke04
tiefenhagen@t-online.de:Hotel2012
maze91@t-online.de:onoiWdtBfMvqTK
elenagreif@t-online.de:winter111
tks.webcast@jcom.zaq.ne.jp:ramona0123
heinz-r.soll@t-online.de:ugONMUhOFqHwc
a8ekwo@outlo0k.com:Rleuu2BBhj8YhtP.6
exs855@66.pymail.vip:cnz637
a.shillaw@ntlworld.com:caitlin06
pmodernwarfare@t-online.de:patrick14
347485@luoyue.club:luoyuecc
tuppi01@t-online.de:kisok0104
helli.foerster@t-online.de:marlies1
dustin.jung@t-online.de:changeme321
fredi-spencer@t-online.de:blackhornet99
madamehappy5@t-online.de:anna1998
mario.tetzlaff@t-online.de:mt27121990
andreashoesch@t-online.de:Andreas12
ffddfsgd@uralweb.ru:adfdaf
Florian-Heyn@t-online.de:Telefon1
19dance@ifsivl.fr:becthoipa
malacheater97@t-online.de:stefan31
glhjjwpi@raymanmail.com:sxujrpof2990
alexanderbelz@t-online.de:1starten
k.draws@t-online.de:rwTyIrPjLwq5!
gp-law@013net.net:emali302123!!!$
ilka.blumenthal@t-online.de:selinab3172004
noah.wiertner@t-online.de:sonne123
secretaria@liceohispanico.com:#YdJm2nBkbLG4ne4xY*Ri^HXMp#
gg5819455@52you.in:XB902961
lisahaug@t-online.de:Rapunzel
398939@luoyue.club:luoyuecc
jacquemir@montevideo.com.uy:jimafabe4
kasai@cs-k.bb4u.ne.jp:n53e8q
danaballard1982@phonocardml.ru:adrnyjskY9948